// Jest Snapshot v1, https://goo.gl/fbAQLP

exports[`SearchPanel renders as expected 1`] = `
<section
  class="search-panel"
>
  <div
    class="search-panel__container"
  >
    <div
      class="logo"
    >
      netflixroulette
    </div>
    <div
      class="search-panel__form"
    >
      <label
        for="searchPanelInput"
      >
        Find your movie
      </label>
      <input
        id="searchPanelInput"
        type="text"
      />
    </div>
    <div
      class="search-panel__filter"
    >
      <label
        id="filterDescription"
      >
        Search by:
        <button
          class="search-panel__button-filter"
        >
          Title
        </button>
        <button
          class="search-panel__button-filter"
        >
          Genre
        </button>
      </label>
      <button
        class="search-panel__button-search"
      >
        Search
      </button>
    </div>
  </div>
</section>
`;
