// Jest Snapshot v1, https://goo.gl/fbAQLP

exports[`SearchFilter renders as expected 1`] = `
<div
  className="search-panel__filter"
>
  <label
    id="filterDescription"
  >
    Search by:
    <button
      className="search-panel__button-filter"
    >
      Title
    </button>
    <button
      className="search-panel__button-filter"
    >
      Genre
    </button>
  </label>
  <SearchButton />
</div>
`;
