// Jest Snapshot v1, https://goo.gl/fbAQLP

exports[`FilmPanel renders as expected 1`] = `
<section
  className="film-panel"
>
  <figure>
    <div
      className="film-panel_poster"
    >
      <img
        src="poster_path"
      />
    </div>
    <figcaption
      className="film-panel_description"
    >
      <h1>
        Pulp Fiction
      </h1>
      <p
        className="film-panel_category"
      >
        Adventure
      </p>
      <p
        className="film-panel_year"
      >
        2014
      </p>
      <p
        className="film-panel_overview"
      >
        Lorem ipsum dolem sit amet
      </p>
    </figcaption>
  </figure>
</section>
`;
